qwinix@qt:~$ cd .Desktop
bash: cd: .Desktop: No such file or directory
qwinix@qt:~$ cd Desktop
qwinix@qt:~/Desktop$ cd workspace
qwinix@qt:~/Desktop/workspace$ git init
Initialized empty Git repository in /home/qwinix/Desktop/workspace/.git/
qwinix@qt:~/Desktop/workspace$ touch myfile.txt
qwinix@qt:~/Desktop/workspace$ ls
myfile.txt
qwinix@qt:~/Desktop/workspace$ gedit myfile.txt
qwinix@qt:~/Desktop/workspace$ cat myfile.txt
The superhero wants to create an infinite electricity, Where there is no electricity wasted and the same current could be used infinitly!!qwinix@qt:~/Desktop/woqwinix@qt:~/Desktop/workspace$ cat myfile.txt
The superhero wants to create an infinite electricity, Where there is no electricity wasted and the same current could be used infinitly!!qwinix@qt:~/Desktop/workspace$ git status
On branch master

Initial commit

Untracked files:
  (use "git add <file>..." to include in what will be committed)

	myfile.txt

nothing added to commit but untracked files present (use "git add" to track)
qwinix@qt:~/Desktop/workspace$ git add myfile.txt
qwinix@qt:~/Desktop/workspace$ git status
On branch master

Initial commit

Changes to be committed:
  (use "git rm --cached <file>..." to unstage)

	new file:   myfile.txt

qwinix@qt:~/Desktop/workspace$ git diff
qwinix@qt:~/Desktop/workspace$ git commit -am"introduction to superhero"

*** Please tell me who you are.

Run

  git config --global user.email "you@example.com"
  git config --global user.name "Your Name"

to set your account's default identity.
Omit --global to set the identity only in this repository.

fatal: unable to auto-detect email address (got 'qwinix@qt.(none)')
qwinix@qt:~/Desktop/workspace$ git config --global user.email "ksurendra@qwinix.io"
qwinix@qt:~/Desktop/workspace$ git config --global user.name "kuldeep_surendra"
qwinix@qt:~/Desktop/workspace$ git log
fatal: bad default revision 'HEAD'
qwinix@qt:~/Desktop/workspace$ git commit -am"introduction to superhero"
[master (root-commit) dc64496] introduction to superhero
 1 file changed, 1 insertion(+)
 create mode 100644 myfile.txt
qwinix@qt:~/Desktop/workspace$ git log
commit dc644960e940b6b1dad9774555209fa21fe29317
Author: kuldeep_surendra <ksurendra@qwinix.io>
Date:   Thu Sep 15 09:42:55 2016 +0530

    introduction to superhero
qwinix@qt:~/Desktop/workspace$ git clone https://github.com/dishasuresh/qwinix-trainee-batch-2016.git
Cloning into 'qwinix-trainee-batch-2016'...
warning: You appear to have cloned an empty repository.
Checking connectivity... done.
qwinix@qt:~/Desktop/workspace$ ls
myfile.txt  qwinix-trainee-batch-2016
qwinix@qt:~/Desktop/workspace$ cd ..
qwinix@qt:~/Desktop$ git clone https://github.com/dishasuresh/qwinix-trainee-batch-2016.git
Cloning into 'qwinix-trainee-batch-2016'...
warning: You appear to have cloned an empty repository.
Checking connectivity... done.
qwinix@qt:~/Desktop$ ls
html  qwinix-trainee-batch-2016  workspace
qwinix@qt:~/Desktop$ git status
fatal: Not a git repository (or any of the parent directories): .git
qwinix@qt:~/Desktop$ cd qwinix-trainee-batch-2016
qwinix@qt:~/Desktop/qwinix-trainee-batch-2016$ git status
On branch master

Initial commit

Untracked files:
  (use "git add <file>..." to include in what will be committed)

	myfile.txt

nothing added to commit but untracked files present (use "git add" to track)
qwinix@qt:~/Desktop/qwinix-trainee-batch-2016$ git add myfile.txt
qwinix@qt:~/Desktop/qwinix-trainee-batch-2016$ git status
On branch master

Initial commit

Changes to be committed:
  (use "git rm --cached <file>..." to unstage)

	new file:   myfile.txt

qwinix@qt:~/Desktop/qwinix-trainee-batch-2016$ git commit -am"introduction to superhero"
[master (root-commit) c72b651] introduction to superhero
 1 file changed, 1 insertion(+)
 create mode 100644 myfile.txt
qwinix@qt:~/Desktop/qwinix-trainee-batch-2016$ git log
commit c72b651b038a77e1672c4e707bd617b154c13ccb
Author: kuldeep_surendra <ksurendra@qwinix.io>
Date:   Thu Sep 15 10:17:57 2016 +0530

    introduction to superhero
qwinix@qt:~/Desktop/qwinix-trainee-batch-2016$ git branch
* master
qwinix@qt:~/Desktop/qwinix-trainee-batch-2016$ git checkout -b kuldeep
Switched to a new branch 'kuldeep'
qwinix@qt:~/Desktop/qwinix-trainee-batch-2016$ git branch
* kuldeep
  master
qwinix@qt:~/Desktop/qwinix-trainee-batch-2016$ git status
On branch kuldeep
nothing to commit, working directory clean
qwinix@qt:~/Desktop/qwinix-trainee-batch-2016$ git commit -am"introduction to superhero"
On branch kuldeep
nothing to commit, working directory clean
qwinix@qt:~/Desktop/qwinix-trainee-batch-2016$ git log
commit c72b651b038a77e1672c4e707bd617b154c13ccb
Author: kuldeep_surendra <ksurendra@qwinix.io>
Date:   Thu Sep 15 10:17:57 2016 +0530

    introduction to superhero
qwinix@qt:~/Desktop/qwinix-trainee-batch-2016$ git push origin kuldeep
Username for 'https://github.com': kuldeep-surendra
Password for 'https://kuldeep-surendra@github.com': 
Counting objects: 3, done.
Delta compression using up to 4 threads.
Compressing objects: 100% (2/2), done.
Writing objects: 100% (3/3), 322 bytes | 0 bytes/s, done.
Total 3 (delta 0), reused 0 (delta 0)
To https://github.com/dishasuresh/qwinix-trainee-batch-2016.git
 * [new branch]      kuldeep -> kuldeep
qwinix@qt:~/Desktop/qwinix-trainee-batch-2016$ 

